ls
touch mani shiva mohan
git status
git init
git status
git add .
git status
git commit-m"3 files"
git commit -m "developes code fs"
  git config --global user.email "manikantachegondi17@gmail.com.com"
  git config --global user.name "manikanta"
git commit -m "3 files"
git log
git remote add origin https://github.com/manikantachegondi17/paytm-fight.git
git push -u origin master
ls
touch 1 2 3 4 5 6
ls
git status
git initg
git init
git status
git add .
git status
git commit -m"6 files"
git log
Administrator@DESKTOP-TT91IT5 MINGW64 /e/devops/paytm-fight/bus (master)
$ ls
Administrator@DESKTOP-TT91IT5 MINGW64 /e/devops/paytm-fight/bus (master)
$ touch 1 2 3 4 5 6
Administrator@DESKTOP-TT91IT5 MINGW64 /e/devops/paytm-fight/bus (master)
$ ls
1  2  3  4  5  6
Administrator@DESKTOP-TT91IT5 MINGW64 /e/devops/paytm-fight/bus (master)
$ git status
On branch master
Your branch is up to date with 'origin/master'.
Untracked files:
  (use "git add <file>..." to include in what will be committed)
        ./
nothing added to commit but untracked files present (use "git add" to track)
Administrator@DESKTOP-TT91IT5 MINGW64 /e/devops/paytm-fight/bus (master)
$ git initg
git: 'initg' is not a git command. See 'git --help'.
The most similar command is
        init
Administrator@DESKTOP-TT91IT5 MINGW64 /e/devops/paytm-fight/bus (master)
$ git init
Initialized empty Git repository in E:/devops/paytm-fight/bus/.git/
Administrator@DESKTOP-TT91IT5 MINGW64 /e/devops/paytm-fight/bus (master)
$ git status
On branch master
No commits yet
Untracked files:
  (use "git add <file>..." to include in what will be committed)
        1
        2
        3
        4
        5
        6
nothing added to commit but untracked files present (use "git add" to track)
Administrator@DESKTOP-TT91IT5 MINGW64 /e/devops/paytm-fight/bus (master)
$ git add .
Administrator@DESKTOP-TT91IT5 MINGW64 /e/devops/paytm-fight/bus (master)
$ git status
On branch master
No commits yet
Changes to be committed:
  (use "git rm --cached <file>..." to unstage)
        new file:   1
        new file:   2
        new file:   3
        new file:   4
        new file:   5
        new file:   6
Administrator@DESKTOP-TT91IT5 MINGW64 /e/devops/paytm-fight/bus (master)
$ git commit -m"6 files"
[master (root-commit) da940a6] 6 files
 6 files changed, 0 insertions(+), 0 deletions(-)
 create mode 100644 1
 create mode 100644 2
 create mode 100644 3
 create mode 100644 4
 create mode 100644 5
 create mode 100644 6
Administrator@DESKTOP-TT91IT5 MINGW64 /e/devops/paytm-fight/bus (master)
$ git log
commit da940a65c1acee75593ac800b141c5e925776a96 (HEAD -> master)
Author: manikanta <manikantachegondi17@gmail.com.com>
Date:   Sat Jul 11 01:26:59 2020 +0530
    6 files
Administrator@DESKTOP-TT91IT5 MINGW64 /e/devops/paytm-fight/bus (master)
$
clear
ls
git status
git init
git status
clear
ls
ls
touch 1 2 3 4 5 6 
ls
git status
git init
git status
gid add .
git status
git add .
git status
git commit -m"6 files"
git log
git remote add origin https://github.com/manikantachegondi17/paytm-bus.git
git push -u origin master
ls
clear
git clone https://github.com/manikantachegondi17/paytm-bus.git
ls
touch mani 123
ls
cd  paytm-bus
ls
ls
cd  paytm-bus
clear
git clone https://github.com/manikantachegondi17/paytm-fight.git
ls
cd   paytm-bus/  paytm-fight/
ls
clear
git clone https://github.com/manikantachegondi17/paytm-fight.git
ls
touch mani123
ls
cd  paytm-fight
ls
cd mani123  paytm-fight/
ls
git clone https://github.com/manikantachegondi17/paytm-fight.git
ls
cd paytm-fight
ls
touch mani shiva mohan
ls
cd  paytm-fight
git clonehttps://github.com/manikantachegondi17/paytm-bus.git
clear
git clone https://github.com/manikantachegondi17/paytm-bus.git
ls
cd 
cd paytm-bus/
ls
clear
touch sample
git add sample
git init
git add sample
git commit-m"sample"
git commit -m "sample"
clear
touch aa bb cc 
ls
git status
clear
ls
git add aa
git status
git stash list
git stash save "aa file saveing"
git stash list
ls
git status
touch dd ee ff gg
git status
git add bb cc
git status
git status save "bb cc saving"
git stash save "bb &cc saving"
git stash lish
git stash list
git status
git add dd
git stash save "dd saving"
git stash lost
git stash list
git status 
git add ee
git stash save "ee file"
git stash list
git status
git add ff gg
git commit -m "ff gg"
git log
clear
git stash list
gut status
git status
git stash apply
git status
clear
git stash list
git stash apply stash@{3}
git status
git stash list
git stash pop stash@{1}:
git stash list
git stash show 
git stash stash@{1}:
git stash show stash@{1}
git stash list
git stash drop
git stash drop stash@{1}
git stash list
git log
